# DE 1022.  Kiel Hbf (ausschl) - Osterrönfeld (ausschl)
#
let altkie = path("path.de.1220");
let hasfle = path("path.de.1020");
let haskiw = path("path.de.1021");
let kieost = path("path.de.1022");
let neufle = path("path.de.1040");


with detail = [4, 5] {
    # Streckengleise Kiel Hbf - Kiel-Hassee
    #
    track(:first, kieost[:fmei, :has.a] >> 0.5dt);
    track(:first :removed , kieost[:fmei, :has.a] << 0.5dt);

    #--- point.de.Kiel-Hg
    #
    marker(:de.abzw :removed :right, kieost[:khg] >> 0.5dt);
    station(:top :removed, kieost[:khg] >> 0.5dt >> 1.3sh,
        "Hg", "1,53"
    );

    #--- point.de.Kiel-Hassee
    #
    # Gleis 23 (Kiel - Flensburg)
    track(:first :station,
            kieost[:has.a, :has] >> 0.5dt
    );
    track(:second :station,
            kieost[:has, :afle] >> 0.5dt
        ..  hasfle[:has.f - .1dl, :has.f] >> 0.5dt
    );

    # Gleis 42 (Kiel - Osterrönfeld)
    with layer = -1 track(:first :station :removed,
        kieost[:has.a, :has + 1dl] << 0.5dt
    );
    track(:first :station ,
            kieost[:has - .1dl, :has] >> 0.5dt
        --  kieost[:has + 1dl, :has.f] << 0.5dt
    );

    # Gleis aus Meimersdorf
    track(:first :station,
            kieost[:has.a, :has.a + 1dl] << 1.5dt
        --  kieost[:has.a + 3dl, :has.a + 3.1dl] >> 0.5dt
    );

    # Gleis nach Kiel West
    track(:second :station :removed, kieost[:has, :afle] >> 1.5dt);
    track(:second :station :closed,
            kieost[:afle, :afle + .1dl] >> 1.5dt
        ..  hasfle[:has.f - .1dl, :has.f] >> 1.5dt
    );

    # Nebengleise Westseite
    track(:station, kieost[:has + 1sw, :has.f] << 1.5dt);
    track(:station,
            kieost[:afle - 1.1dl, :afle - 1dl] << 1.5dt
        --  kieost[:afle, :afle + .1dl] << 0.5dt
    );

    marker(:de.bf :left, kieost[:has] << 0.5dt);
    station(:left, kieost[:has - 0.3sw] << 0.5dt << 1.6sh,
        span(:medium :bold, "Kiel-Hassee Cittipark"),
        hbox(:right :top,
            vbox(:right :top,
                span(:xsmall, "1020: "),
                span(:xsmall :closed, "1021: "),
                span(:xsmall, "1022: "),
                span(:xsmall, "1031: ")
            ),
            vbox(:right :top,
                span(:xsmall, "2,"),
                span(:xsmall :closed, "0,"),
                span(:xsmall, "2,"),
                span(:xsmall, "")
            ),
            vbox(:left :top,
                span(:xsmall, "90"),
                span(:xsmall :closed, "00"),
                span(:xsmall, "90"),
                span(:xsmall, "??")
            )
        )
    );

    # Streckengleise Kiel-Hassee - Melsdorf
    track(:first,
            kieost[:has.f, :has.f + .1dl] << 0.5dt
        ..  kieost[:has.ff, :meh - 1sw]
    );
    with layer = 1 line_badge(:open, kieost[:has.f + .6km], "1022");


    #--- point.de.Russee
    #
    marker(:de.hp :right, kieost[:rus]);
    station(:top, kieost[:rus] >> 1.4sh,
        "Kiel-Russee", "5,34"
    );

    #--- point.de.Kiel-Mettenhof
    #
    with layer = -1 marker(:de.hp :removed :right, kieost[:met]);
    station(:bottom, kieost[:met] << 1dt - (2sw, 0sw),
        "K.-Mettenhof", "??"
    );

    
    #--- point.de.Melsdorf
    #
    track(:first :station, kieost[:meh - 1sw, :mel + 1sw]);
    marker(:de.hp, kieost[:meh]);
    with layer = -1 marker(:de.bf :removed, kieost[:mel]);
    station(:top, kieost[:meh] >> 1.4sh,
        "Melsdorf",
        hbox(:center :top,
            span(:xsmall :removed, "8,07 → "),
            span(:xsmall, "7,96")
        )
    );

    # Streckengleis Melsdorf - Felde-Brandsbek
    track(:first, kieost[:mel + 1sw, :fel.a]);


    #--- point.de.Flemhude
    #
    with layer = -1 marker(:de.hst :closed :right, kieost[:fle]);
    with layer = -2 marker(:de.bf :gone :right, kieost[:fle]);
    station(:top :removed, kieost[:fle] >> 1.4sh,
        "Flemhude", "11,59"
    );


    #--- point.de.Achterwehr
    #
    marker(:de.hp :left, kieost[:ach]);
    with layer = -1 station(:left, kieost[:ach + .3sw] >> 1dt,
        "Achterwehr", "12,58"
    );


    #--- point.de.Felde-Brandsbek
    #
    track(:first :station, kieost[:fel.a, :fel.f]);
    track(:station,
            kieost[:fel.a + .9dl, :fel.a + 1dl]
        --  kieost[:fel.a + 2dl, :fel.f - 2dl] >> 1dt
        --  kieost[:fel.f - 1dl, :fel.f - 0.9dl]
    );
    marker(:de.bf :left, kieost[:fel]);
    station(:bottom, kieost[:fel] << 1.2sh,
        vbox(:center :top,
            span(:medium :removed, "Brandsbek"),
            span(:medium, "Felde-Brandsbek")
        ),
        "13,89"
    );

    # Streckengleis Felde-Brandsbek - Kronshagen
    track(:first, kieost[:fel.f, :kro - 1sw]);
    with layer = 1 line_badge(:open, kieost[:fel + 1.4km], "1022");


    #--- point.de.Bredenbek
    #
    marker(:de.hp :left, kieost[:bre]);
    station(:bottom, kieost[:bre] << 1.2sh,
        "Bredenbek", "19.16"
    );


    #--- point.de.Kronsburg
    #
    track(:first :station, kieost[:kro - 1sw, :kro + 1sw]);
    with layer = -1 marker(:de.bf :removed, kieost[:kro]);
    station(:top :removed, kieost[:kro] >> 1.4sh,
        "Kronsburg", "20,42"
    );

    # Streckengleis Kronsburg - Ostenfeld
    track(:first, kieost[:kro + 1sw, :ost - 1sw]);


    #--- point.de.Ostenfeld-Rendsburg
    #
    track(:first :station, kieost[:ost - 1sw, :ost + 1sw]);
    with layer = -1 marker(:de.hst :closed, kieost[:ost]);
    with layer = -1 marker(:de.bf :gone, kieost[:ost]);
    with layer = -1 station(:top :removed, kieost[:ost] >> 1.4sh,
        vbox(:center :bottom,
            span(:medium :removed, "Ostenfeld"),
            span(:medium :light :removed, "(Kr Rendsburg)")
        ),
        "24,35"
    );

    # Streckengleis Ostenfeld - Schülldorf
    track(:first, kieost[:ost + 1sw, :sul - 1sw]);


    #--- point.de.Schülldorf
    #
    track(:first :station, kieost[:sul - 1sw, :sul + 1sw]);
    marker(:de.hp, kieost[:sul]);
    with layer = -1 marker(:de.bf :gone, kieost[:sul]);
    station(:top, kieost[:sul] >> 1.4sh,
        "Schülldorf",
        hbox(:center :base,
            span(:xsmall, "27,38 "),
            span(:xsmall :removed, "← 27,16")
        )
    );

    # Streckengleis Schülldorf - Osterrönfeld
    track(:first,
            kieost[:sul + 1sw, :oro.aa]
        ..  neufle[:fkie, :oro - 1sw] >> 1.5dt
    );
    with layer = 1 line_badge(:open, kieost[:sul + 1.4km], "1022");

    #--- point.de.Osterrönfeld-Awanst
    #
    marker(:de.awanst :right, neufle[:ora] >> 1.5dt);
    station(:left, neufle[:ora] << .5dt << 1sh,
        "Osterrönfeld Awanst",
        "1022: 30,59"
    );
}


with detail = 3 {
    # Kiel Hbf bis Kiel-Hassee
    track(:first :station,
            altkie[:kie, :fhas] >> 1.5dt
        ..  kieost[:khg, :has - 1ssw] >> 0.5dt
    );

    # Kiel-Hassee
    track(:double :first :station, kieost[:has - 1ssw, :has + 1ssw]);

    marker(:de.bf :left, kieost[:has] << 0.5dt);
    slabel(:left, kieost[:has - 0.2ssw] << 0.5dt << 2ssw + (0dt, 1dt),
        vbox(:right :base,
            span(:small :bold, "K.-Hassee"),
            span(:small :bold, "Cittipark")
        )
    );

    # Streckengleise Kiel-Hassee - Melsdorf
    track(:first,
            kieost[:has + 1ssw, :has + 1.1ssw] << 0.5dt
        ..  kieost[:has.ff, :mel - 1ssw]
    );

    # Russee
    #
    marker(:de.hp :right, kieost[:rus]);
    #slabel(:top, kieost[:rus] >> 1.4ssw, "K.-Russee");

    # Mettenhof
    with layer = -1 marker(:de.hp :removed :right, kieost[:met]);

    # Melsdorf
    track(:first :station, kieost[:mel - 1ssw, :mel + 1ssw]);
    marker(:de.hp :right, kieost[:mel]);
    with layer = -1 marker(:de.bf :gone :right, kieost[:mel]);
    slabel(:top, kieost[:mel] >> 1.4ssw, "Melsdorf");

    # Streckengleis Melsdorf - Felde-Brandsbek
    track(:first, kieost[:mel + 1ssw, :fel - 1ssw]);

    # Flemhude
    with layer = -1 marker(:de.hst :closed :right, kieost[:fle]);
    with layer = -2 marker(:de.bf :gone :right, kieost[:fle]);
    slabel(:top :removed, kieost[:fle] >> 1.4ssw, "Flemhude");

    # Achterwehr
    marker(:de.hp :left, kieost[:ach]);
    with layer = -1 slabel(:left, kieost[:ach + .3ssw] >> .5dt, "Achterwehr");

    # Felde-Brandsbek
    track(:first :station, kieost[:fel - 1ssw, :fel + 1ssw]);
    marker(:de.bf :left, kieost[:fel]);
    slabel(:bottom, kieost[:fel] << 1.2ssw, "Felde-Brandsbek");

    # Streckengleis Felde-Brandsbek - Kronsburg
    track(:first, kieost[:fel + 1ssw, :kro - 1ssw]);
    with layer = 1 line_badge(:open, kieost[:fel + 1.4km], "1022");

    # Bredenbek
    marker(:de.hp :left, kieost[:bre]);
    slabel(:bottom, kieost[:bre] << 1.2ssw, "Bredenbek");

    # Kronsburg
    track(:first :station, kieost[:kro - 1ssw, :kro + 1ssw]);
    marker(:de.bf :right :removed, kieost[:kro]);
    slabel(:top :removed, kieost[:kro] >> 1.2ssw, "Kronsburg");

    # Streckengleis Kronsburg - Ostenfeld
    track(:first, kieost[:kro + 1ssw, :ost - 1ssw]);

    # Ostenfeld
    track(:first, kieost[:ost - 1ssw, :ost + 1ssw]);
    with layer = -1 marker(:de.hst :closed, kieost[:ost]);
    with layer = -1 marker(:de.bf :gone, kieost[:ost]);
    slabel(:left :removed, kieost[:ost] >> 1.5ssw + (1.5ssw, 0ssw),
        vbox(:right :bottom,
            span(:small :removed, "Ostenfeld"),
            span(:small :light :removed, "(Kr Rendsburg)")
        )
    );

    # Streckengleis Ostenfeld - Schülldorf
    track(:first, kieost[:ost + 1ssw, :sul - 1ssw]);

    # Schülldorf
    track(:first :station, kieost[:sul - 1ssw, :sul + 1ssw]);
    marker(:de.hp, kieost[:sul]);
    with layer = -1 marker(:de.bf :gone, kieost[:sul]);
    with layer = -2 slabel(:right, kieost[:sul + .5ssw] << 1.5ssw,
        "Schülldorf"
    );

    # Streckengleis Schülldorf - Osterrönfeld
    track(:first,
            kieost[:sul + 1ssw, :oro.aa]
        ..  neufle[:fkie, :oro - 1ssw] >> 1.5dt
    );

    # Osterrönfeld Awanst
    marker(:de.awanst, neufle[:ora] >> 1.5dt);
}


with detail = 2 {
    track(:first,
            kieost[:kie, :oro.aa]
        ..  neufle[:fkie, :fkie + .1dl]
    );
}

